Microchip MPLAB XC8 Compiler V2.32

Linker command line:

-W-3 --edf=C:\Program Files\Microchip\xc8\v2.32\pic\dat\en_msgs.txt -cn \
  -h+dist/default/debug\mini-proj-merrillshen.X.debug.sym \
  --cmf=dist/default/debug\mini-proj-merrillshen.X.debug.cmf -z -Q18F67K40 \
  -oC:\Users\merri\AppData\Local\Temp\xcAspt8.4 --defsym=__MPLAB_BUILD=1 \
  -Mdist/default/debug/mini-proj-merrillshen.X.debug.map -E1 \
  -ver=XC8 Compiler --acfsm=1493 -ASTACK=060h-0DE9h -pstack=STACK \
  -ACODE=00h-01FFFFh -ACONST=00h-01FFFFh -ASMALLCONST=0E00h-0EFFhx498 \
  -AMEDIUMCONST=0E00h-0FFFFh,010E00h-01FFFFh -ACOMRAM=01h-05Fh \
  -AABS1=00h-0DE9h -ABIGRAM=01h-0DE9h \
  -ARAM=060h-0FFh,0100h-01FFhx12,0D00h-0DE9h -ABANK0=060h-0FFh \
  -ABANK1=0100h-01FFh -ABANK2=0200h-02FFh -ABANK3=0300h-03FFh \
  -ABANK4=0400h-04FFh -ABANK5=0500h-05FFh -ABANK6=0600h-06FFh \
  -ABANK7=0700h-07FFh -ABANK8=0800h-08FFh -ABANK9=0900h-09FFh \
  -ABANK10=0A00h-0AFFh -ABANK11=0B00h-0BFFh -ABANK12=0C00h-0CFFh \
  -ABANK13=0D00h-0DE9h \
  -ASFR=0DEFh-0DFFh,0E00h-0EFFh,0F00h-0F5Fh,0F60h-0FFFh \
  -ACONFIG=0300000h-030000Bh -AIDLOC=0200000h-020000Fh \
  -AEEDATA=0310000h-03103FFh -peeprom_data=EEDATA \
  -preset_vec=00h,intcode=08h,intcodelo,powerup,init -pramtop=0E00h \
  -psmallconst=SMALLCONST -pmediumconst=MEDIUMCONST -pconst=CONST \
  -AFARRAM=00h-00h \
  -prdata=COMRAM,nvrram=COMRAM,nvbit=COMRAM,rbss=COMRAM,rbit=COMRAM \
  -pfarbss=FARRAM,fardata=FARRAM,nvFARRAM=FARRAM \
  -pintsave_regs=BIGRAM,bigbss=BIGRAM,bigdata=BIGRAM -pbss=RAM \
  -pidata=CODE,irdata=CODE,ibigdata=CODE,ifardata=CODE -prparam=COMRAM \
  C:\Users\merri\AppData\Local\Temp\xcAspt8.o \
  dist/default/debug\mini-proj-merrillshen.X.debug.o 

Object code version is 3.11

Machine type is 18F67K40



                Name                               Link     Load   Length Selector   Space Scale
C:\Users\merri\AppData\Local\Temp\xcAspt8.o
                idloc                            200000   200000       10        0       5
                config                           300000   300000        C        0       4
                init                                 7A       7A        4        4       0
                reset_vec                             0        0        4        0       0
dist/default/debug\mini-proj-merrillshen.X.debug.o
                intcode                               8        8       72        4       0
                idloc                            200000   200000       10        0       5
                config                           300000   300000        C        0       4
                temp                                 10       10        1        1       1
                text6                               22C      22C       30        4       0
                text5                               2A2      2A2       1A        4       0
                text4                               2BC      2BC        C        4       0
                text3                               164      164       C8        4       0
                text2                               25C      25C       26        4       0
                text1                               282      282       20        4       0
                text0                                7E       7E       E6        4       0
                cstackCOMRAM                          1        1        F        1       1
                cinit                               2C8      2C8        A        4       0

TOTAL           Name                               Link     Load   Length     Space
        CLASS   STACK          

        CLASS   CODE           
                intcode                               8        8       72         0
                init                                 7A       7A        4         0
                reset_vec                             0        0        4         0
                text6                               22C      22C       30         0
                text5                               2A2      2A2       1A         0
                text4                               2BC      2BC        C         0
                text3                               164      164       C8         0
                text2                               25C      25C       26         0
                text1                               282      282       20         0
                text0                                7E       7E       E6         0
                cinit                               2C8      2C8        A         0

        CLASS   CONST          

        CLASS   SMALLCONST     

        CLASS   MEDIUMCONST    

        CLASS   COMRAM         
                temp                                 10       10        1         1
                cstackCOMRAM                          1        1        F         1

        CLASS   ABS1           

        CLASS   BIGRAM         

        CLASS   RAM            

        CLASS   BANK0          

        CLASS   BANK1          

        CLASS   BANK2          

        CLASS   BANK3          

        CLASS   BANK4          

        CLASS   BANK5          

        CLASS   BANK6          

        CLASS   BANK7          

        CLASS   BANK8          

        CLASS   BANK9          

        CLASS   BANK10         

        CLASS   BANK11         

        CLASS   BANK12         

        CLASS   BANK13         

        CLASS   SFR            

        CLASS   CONFIG         
                config                           300000   300000        C         4

        CLASS   IDLOC          
                idloc                            200000   200000       10         5

        CLASS   EEDATA         

        CLASS   FARRAM         



SEGMENTS        Name                           Load    Length   Top    Selector   Space  Class

                reset_vec                      000000  000004  000004         0       0  CODE    
                cstackCOMRAM                   000001  000010  000011         1       1  COMRAM  
                intcode                        000008  0002CA  0002D2         4       0  CODE    


UNUSED ADDRESS RANGES

        Name                Unused          Largest block    Delta
        BANK0            000060-0000FF               A0
        BANK1            000100-0001FF              100
        BANK10           000A00-000AFF              100
        BANK11           000B00-000BFF              100
        BANK12           000C00-000CFF              100
        BANK13           000D00-000DE9               EA
        BANK2            000200-0002FF              100
        BANK3            000300-0003FF              100
        BANK4            000400-0004FF              100
        BANK5            000500-0005FF              100
        BANK6            000600-0006FF              100
        BANK7            000700-0007FF              100
        BANK8            000800-0008FF              100
        BANK9            000900-0009FF              100
        BIGRAM           000011-000DE9              DD9
        CODE             000004-000007                4
                         0002D2-01FFFF            1FD2E
        COMRAM           000011-00005F               4F
        CONST            000004-000007                4
                         0002D2-01FFFF            1FD2E
        EEDATA           310000-3103FF              400
        MEDIUMCONST      000E00-00FFFF             F200
                         010E00-01FFFF             F200
        RAM              000060-000DE9              100
        SFR              000DEF-000FFF              100
        SMALLCONST       000E00-01FFFF              100
        STACK            000060-000DE9              D8A

                                  Symbol Table

?_ADC_getval                cstackCOMRAM 000002
ADC_getval@tmpval           cstackCOMRAM 000004
LEDarray_disp_bin@number    cstackCOMRAM 000002
_ADCON0bits                 (abs)        000F60
_ADC_getval                 text6        00022C
_ADC_init                   text5        0002A2
_ADPCH                      (abs)        000F5F
_ADREFbits                  (abs)        000F58
_ADRESH                     (abs)        000F64
_ANSELAbits                 (abs)        000E92
_ANSELFbits                 (abs)        000EB4
_HighISR                    intcode      000008
_INTCONbits                 (abs)        000FF2
_Interrupts_init            text4        0002BC
_LATAbits                   (abs)        000F79
_LATBbits                   (abs)        000F7A
_LATDbits                   (abs)        000F7C
_LATFbits                   (abs)        000F7E
_LATGbits                   (abs)        000F7F
_LATHbits                   (abs)        000F80
_LEDarray_disp_bin          text3        000164
_LEDarray_init              text2        00025C
_PIE0bits                   (abs)        000E29
_PIE2bits                   (abs)        000E2B
_PIR0bits                   (abs)        000E33
_PIR2bits                   (abs)        000E35
_T0CON0bits                 (abs)        000FD5
_T0CON1bits                 (abs)        000FD6
_TMR0H                      (abs)        000FD4
_TMR0L                      (abs)        000FD3
_TRISAbits                  (abs)        000F81
_TRISBbits                  (abs)        000F82
_TRISDbits                  (abs)        000F84
_TRISFbits                  (abs)        000F86
_TRISGbits                  (abs)        000F87
_TRISHbits                  (abs)        000F88
_Timer0_init                text1        000282
__HRAM                      (abs)        000000
__Habs1                     abs1         000000
__Hbank0                    bank0        000000
__Hbank1                    bank1        000000
__Hbank10                   bank10       000000
__Hbank11                   bank11       000000
__Hbank12                   bank12       000000
__Hbank13                   bank13       000000
__Hbank2                    bank2        000000
__Hbank3                    bank3        000000
__Hbank4                    bank4        000000
__Hbank5                    bank5        000000
__Hbank6                    bank6        000000
__Hbank7                    bank7        000000
__Hbank8                    bank8        000000
__Hbank9                    bank9        000000
__Hbigbss                   bigbss       000000
__Hbigdata                  bigdata      000000
__Hbigram                   bigram       000000
__Hbss                      bss          000000
__Hcinit                    cinit        000000
__Hclrtext                  clrtext      000000
__Hcomram                   comram       000000
__Hconfig                   config       30000C
__Hconst                    const        000000
__HcstackCOMRAM             cstackCOMRAM 000000
__Hdata                     data         000000
__Heeprom_data              eeprom_data  000000
__Hfarbss                   farbss       000000
__Hfardata                  fardata      000000
__Hibigdata                 ibigdata     000000
__Hidata                    idata        000000
__Hidloc                    idloc        200010
__Hifardata                 ifardata     000000
__Hinit                     init         00007E
__Hintcode                  intcode      00007A
__Hintcode_body             intcode_body 000000
__Hintcodelo                intcodelo    00007A
__Hintentry                 intentry     000000
__Hintret                   intret       000000
__Hintsave_regs             intsave_regs 000000
__Hirdata                   irdata       000000
__Hmediumconst              mediumconst  000000
__HnvFARRAM                 nvFARRAM     000000
__Hnvbit                    nvbit        000000
__Hnvrram                   nvrram       000000
__Hparam                    rparam       000000
__Hpowerup                  powerup      00007A
__Hram                      ram          000000
__Hramtop                   ramtop       000E00
__Hrbit                     rbit         000000
__Hrbss                     rbss         000000
__Hrdata                    rdata        000000
__Hreset_vec                reset_vec    000004
__Hrparam                   rparam       000000
__Hsfr                      sfr          000000
__Hsmallconst               smallconst   000000
__Hspace_0                  (abs)        000E00
__Hspace_1                  (abs)        000011
__Hspace_2                  (abs)        000000
__Hspace_4                  (abs)        60000C
__Hstack                    stack        000000
__Hstruct                   struct       000000
__Htemp                     temp         000011
__Htext                     text         000000
__Htext0                    text0        000000
__Htext1                    text1        000000
__Htext2                    text2        000000
__Htext3                    text3        000000
__Htext4                    text4        000000
__Htext5                    text5        000000
__Htext6                    text6        000000
__LRAM                      (abs)        000001
__Labs1                     abs1         000000
__Lbank0                    bank0        000000
__Lbank1                    bank1        000000
__Lbank10                   bank10       000000
__Lbank11                   bank11       000000
__Lbank12                   bank12       000000
__Lbank13                   bank13       000000
__Lbank2                    bank2        000000
__Lbank3                    bank3        000000
__Lbank4                    bank4        000000
__Lbank5                    bank5        000000
__Lbank6                    bank6        000000
__Lbank7                    bank7        000000
__Lbank8                    bank8        000000
__Lbank9                    bank9        000000
__Lbigbss                   bigbss       000000
__Lbigdata                  bigdata      000000
__Lbigram                   bigram       000000
__Lbss                      bss          000000
__Lcinit                    cinit        000000
__Lclrtext                  clrtext      000000
__Lcomram                   comram       000000
__Lconfig                   config       000000
__Lconst                    const        000000
__LcstackCOMRAM             cstackCOMRAM 000000
__Ldata                     data         000000
__Leeprom_data              eeprom_data  000000
__Lfarbss                   farbss       000000
__Lfardata                  fardata      000000
__Libigdata                 ibigdata     000000
__Lidata                    idata        000000
__Lidloc                    idloc        000000
__Lifardata                 ifardata     000000
__Linit                     init         00007A
__Lintcode                  intcode      000008
__Lintcode_body             intcode_body 000000
__Lintcodelo                intcodelo    00007A
__Lintentry                 intentry     000000
__Lintret                   intret       000000
__Lintsave_regs             intsave_regs 000000
__Lirdata                   irdata       000000
__Lmediumconst              mediumconst  000000
__LnvFARRAM                 nvFARRAM     000000
__Lnvbit                    nvbit        000000
__Lnvrram                   nvrram       000000
__Lparam                    rparam       000000
__Lpowerup                  powerup      00007A
__Lram                      ram          000000
__Lramtop                   ramtop       000E00
__Lrbit                     rbit         000000
__Lrbss                     rbss         000000
__Lrdata                    rdata        000000
__Lreset_vec                reset_vec    000000
__Lrparam                   rparam       000000
__Lsfr                      sfr          000000
__Lsmallconst               smallconst   000000
__Lspace_0                  (abs)        000000
__Lspace_1                  (abs)        000000
__Lspace_2                  (abs)        000000
__Lspace_4                  (abs)        000000
__Lstack                    stack        000000
__Lstruct                   struct       000000
__Ltemp                     temp         000010
__Ltext                     text         000000
__Ltext0                    text0        000000
__Ltext1                    text1        000000
__Ltext2                    text2        000000
__Ltext3                    text3        000000
__Ltext4                    text4        000000
__Ltext5                    text5        000000
__Ltext6                    text6        000000
__S0                        (abs)        0002D2
__S1                        (abs)        000011
__S2                        (abs)        000000
__S4                        (abs)        000000
__S5                        (abs)        000000
___inthi_sp                 stack        000000
___intlo_sp                 stack        000000
___param_bank               (abs)        000000
___rparam_used              (abs)        000001
___sp                       stack        000000
__accesstop                 (abs)        000060
__activetblptr              (abs)        000000
__end_of_ADC_getval         text6        00025C
__end_of_ADC_init           text5        0002BC
__end_of_HighISR            intcode      00007A
__end_of_Interrupts_init    text4        0002C8
__end_of_LEDarray_disp_bin  text3        00022C
__end_of_LEDarray_init      text2        000282
__end_of_Timer0_init        text1        0002A2
__end_of__initialization    cinit        0002C8
__end_of_main               text0        000164
__initialization            cinit        0002C8
__mediumconst               mediumconst  000000
__pcinit                    cinit        0002C8
__pcstackCOMRAM             cstackCOMRAM 000001
__pintcode                  intcode      000008
__ptext0                    text0        00007E
__ptext1                    text1        000282
__ptext2                    text2        00025C
__ptext3                    text3        000164
__ptext4                    text4        0002BC
__ptext5                    text5        0002A2
__ptext6                    text6        00022C
__ramtop                    ramtop       000E00
__size_of_ADC_getval        (abs)        000000
__size_of_ADC_init          (abs)        000000
__size_of_HighISR           (abs)        000000
__size_of_Interrupts_init   (abs)        000000
__size_of_LEDarray_disp_bin (abs)        000000
__size_of_LEDarray_init     (abs)        000000
__size_of_Timer0_init       (abs)        000000
__size_of_main              (abs)        000000
__smallconst                smallconst   000000
_main                       text0        00007E
btemp                       temp         000010
end_of_initialization       cinit        0002C8
int$flags                   temp         000010
intlevel0                   text         000000
intlevel1                   text         000000
intlevel2                   text         000000
intlevel3                   text         000000
isa$std                     (abs)        000001
isa$xinst                   (abs)        000000
main@hour                   cstackCOMRAM 00000E
main@light_strength         cstackCOMRAM 000008
main@minutes                cstackCOMRAM 00000C
main@secs                   cstackCOMRAM 00000A
main@set_brightness         cstackCOMRAM 000006
stackhi                     (abs)        000DE9
stacklo                     (abs)        000060
start                       init         00007A
start_initialization        cinit        0002C8
ttemp5                      temp         000011
ttemp6                      temp         000014
ttemp7                      temp         000018
wtemp8                      temp         000011


MODULE INFORMATION

Module		Function		Class		Link	Load	Size
timers.c
		_Timer0_init   		CODE           	0282	0000	32

timers.c estimated size: 32

interrupts.c
		_Interrupts_init		CODE           	02BC	0000	12
		_HighISR       		CODE           	0008	0000	114

interrupts.c estimated size: 126

LEDarray.c
		_LEDarray_init 		CODE           	025C	0000	38
		_LEDarray_disp_bin		CODE           	0164	0000	200

LEDarray.c estimated size: 238

shared
		__initialization		CODE           	02C8	0000	1

shared estimated size: 1

ADC.c
		_ADC_init      		CODE           	02A2	0000	26
		_ADC_getval    		CODE           	022C	0000	48

ADC.c estimated size: 74

main.c
		_main          		CODE           	007E	0000	230

main.c estimated size: 230

