Microchip MPLAB XC8 Compiler V2.32

Linker command line:

-W-3 --edf=C:\Program Files\Microchip\xc8\v2.32\pic\dat\en_msgs.txt -cn \
  -h+dist/default/production\mini-proj-merrillshen.X.production.sym \
  --cmf=dist/default/production\mini-proj-merrillshen.X.production.cmf -z \
  -Q18F67K40 -oC:\Users\merri\AppData\Local\Temp\xcAs8eo.4 \
  --defsym=__MPLAB_BUILD=1 \
  -Mdist/default/production/mini-proj-merrillshen.X.production.map -E1 \
  -ver=XC8 Compiler --acfsm=1493 -ASTACK=0120h-0DE9h -pstack=STACK \
  -ACODE=00h-01FFFFh -ACONST=00h-01FFFFh -ASMALLCONST=0E00h-0EFFhx498 \
  -AMEDIUMCONST=0E00h-0FFFFh,010E00h-01FFFFh -ACOMRAM=01h-05Fh \
  -AABS1=00h-0DE9h -ABIGRAM=01h-0DE9h \
  -ARAM=060h-0FFh,0100h-01FFhx12,0D00h-0DE9h -ABANK0=060h-0FFh \
  -ABANK1=0100h-01FFh -ABANK2=0200h-02FFh -ABANK3=0300h-03FFh \
  -ABANK4=0400h-04FFh -ABANK5=0500h-05FFh -ABANK6=0600h-06FFh \
  -ABANK7=0700h-07FFh -ABANK8=0800h-08FFh -ABANK9=0900h-09FFh \
  -ABANK10=0A00h-0AFFh -ABANK11=0B00h-0BFFh -ABANK12=0C00h-0CFFh \
  -ABANK13=0D00h-0DE9h \
  -ASFR=0DEFh-0DFFh,0E00h-0EFFh,0F00h-0F5Fh,0F60h-0FFFh \
  -ACONFIG=0300000h-030000Bh -AIDLOC=0200000h-020000Fh \
  -AEEDATA=0310000h-03103FFh -peeprom_data=EEDATA \
  -preset_vec=00h,intcode=08h,intcodelo,powerup,init -pramtop=0E00h \
  -psmallconst=SMALLCONST -pmediumconst=MEDIUMCONST -pconst=CONST \
  -AFARRAM=00h-00h \
  -prdata=COMRAM,nvrram=COMRAM,nvbit=COMRAM,rbss=COMRAM,rbit=COMRAM \
  -pfarbss=FARRAM,fardata=FARRAM,nvFARRAM=FARRAM \
  -pintsave_regs=BIGRAM,bigbss=BIGRAM,bigdata=BIGRAM -pbss=RAM \
  -pidata=CODE,irdata=CODE,ibigdata=CODE,ifardata=CODE -prparam=COMRAM \
  C:\Users\merri\AppData\Local\Temp\xcAs8eo.o \
  dist/default/production\mini-proj-merrillshen.X.production.o 

Object code version is 3.11

Machine type is 18F67K40



                Name                               Link     Load   Length Selector   Space Scale
C:\Users\merri\AppData\Local\Temp\xcAs8eo.o
                idloc                            200000   200000       10        0       5
                config                           300000   300000        C        0       4
                init                                 82       82        4        4       0
                reset_vec                             0        0        4        0       0
dist/default/production\mini-proj-merrillshen.X.production.o
                intcode                               8        8       7A        4       0
                idloc                            200000   200000       10        0       5
                config                           300000   300000        C        0       4
                temp                                 5B       5B        1        1       1
                smallconst                          E00      E00       24      700       0
                text28                             2584     2584       30      712       0
                text27                             2620     2620       1A      712       0
                text26                             2668     2668        C      712       0
                text25                             2652     2652       16      712       0
                text24                             2276     2276       68      712       0
                text23                             2554     2554       30      712       0
                text22                             1ED4     1ED4       DA      712       0
                text21                             2520     2520       34      712       0
                text20                             2078     2078       C8      712       0
                text19                             25DA     25DA       26      712       0
                text18                             2600     2600       20      712       0
                text17                             2202     2202       74      712       0
                text16                             25B4     25B4       26      712       0
                text15                             24B2     24B2       38      712       0
                text14                             2396     2396       52      712       0
                text13                             1A44     1A44      1A4      712       0
                text12                             1BE8     1BE8      188      712       0
                text11                             1D70     1D70      164      712       0
                text10                             2472     2472       40      712       0
                text9                              2674     2674        2      712       0
                text8                              1FAE     1FAE       CA      712       0
                text7                              242E     242E       44      712       0
                text6                              24EA     24EA       36      712       0
                text5                              2140     2140       C2      712       0
                text4                              1764     1764      2E0      712       0
                text3                              13D8     13D8      38C      712       0
                text2                              22DE     22DE       66      712       0
                text1                              2344     2344       52      712       0
                text0                               E24      E24      5B4      712       0
                cstackCOMRAM                          1        1       58        1       1
                cstackBANK0                          60       60       77       60       1
                bssBANK1                            100      100       20      100       1
                dataBANK0                            D7       D7       18       60       1
                bssBANK0                             EF       EF        A       60       1
                bssCOMRAM                            59       59        2        1       1
                cinit                              23E8     23E8       46      712       0
                idataBANK0                         263A     263A       18      712       0

TOTAL           Name                               Link     Load   Length     Space
        CLASS   STACK          

        CLASS   CODE           
                intcode                               8        8       7A         0
                init                                 82       82        4         0
                reset_vec                             0        0        4         0
                text28                             2584     2584       30         0
                text27                             2620     2620       1A         0
                text26                             2668     2668        C         0
                text25                             2652     2652       16         0
                text24                             2276     2276       68         0
                text23                             2554     2554       30         0
                text22                             1ED4     1ED4       DA         0
                text21                             2520     2520       34         0
                text20                             2078     2078       C8         0
                text19                             25DA     25DA       26         0
                text18                             2600     2600       20         0
                text17                             2202     2202       74         0
                text16                             25B4     25B4       26         0
                text15                             24B2     24B2       38         0
                text14                             2396     2396       52         0
                text13                             1A44     1A44      1A4         0
                text12                             1BE8     1BE8      188         0
                text11                             1D70     1D70      164         0
                text10                             2472     2472       40         0
                text9                              2674     2674        2         0
                text8                              1FAE     1FAE       CA         0
                text7                              242E     242E       44         0
                text6                              24EA     24EA       36         0
                text5                              2140     2140       C2         0
                text4                              1764     1764      2E0         0
                text3                              13D8     13D8      38C         0
                text2                              22DE     22DE       66         0
                text1                              2344     2344       52         0
                text0                               E24      E24      5B4         0
                cinit                              23E8     23E8       46         0
                idataBANK0                         263A     263A       18         0

        CLASS   CONST          

        CLASS   SMALLCONST     
                smallconst                          E00      E00       24         0

        CLASS   MEDIUMCONST    

        CLASS   COMRAM         
                temp                                 5B       5B        1         1
                cstackCOMRAM                          1        1       58         1
                bssCOMRAM                            59       59        2         1

        CLASS   ABS1           

        CLASS   BIGRAM         

        CLASS   RAM            

        CLASS   BANK0          
                cstackBANK0                          60       60       77         1
                dataBANK0                            D7       D7       18         1
                bssBANK0                             EF       EF        A         1

        CLASS   BANK1          
                bssBANK1                            100      100       20         1

        CLASS   BANK2          

        CLASS   BANK3          

        CLASS   BANK4          

        CLASS   BANK5          

        CLASS   BANK6          

        CLASS   BANK7          

        CLASS   BANK8          

        CLASS   BANK9          

        CLASS   BANK10         

        CLASS   BANK11         

        CLASS   BANK12         

        CLASS   BANK13         

        CLASS   SFR            

        CLASS   CONFIG         
                config                           300000   300000        C         4

        CLASS   IDLOC          
                idloc                            200000   200000       10         5

        CLASS   EEDATA         

        CLASS   FARRAM         



SEGMENTS        Name                           Load    Length   Top    Selector   Space  Class

                reset_vec                      000000  000004  000004         0       0  CODE    
                cstackCOMRAM                   000001  00005B  00005C         1       1  COMRAM  
                intcode                        000008  00007E  000086         4       0  CODE    
                cstackBANK0                    000060  000099  0000F9        60       1  BANK0   
                bssBANK1                       000100  000020  000120       100       1  BANK1   
                smallconst                     000E00  000024  000E24       700       0  SMALLCON
                text0                          000E24  001852  002676       712       0  CODE    


UNUSED ADDRESS RANGES

        Name                Unused          Largest block    Delta
        BANK0            0000F9-0000FF                7
        BANK1            000120-0001FF               E0
        BANK10           000A00-000AFF              100
        BANK11           000B00-000BFF              100
        BANK12           000C00-000CFF              100
        BANK13           000D00-000DE9               EA
        BANK2            000200-0002FF              100
        BANK3            000300-0003FF              100
        BANK4            000400-0004FF              100
        BANK5            000500-0005FF              100
        BANK6            000600-0006FF              100
        BANK7            000700-0007FF              100
        BANK8            000800-0008FF              100
        BANK9            000900-0009FF              100
        BIGRAM           00005C-00005F                4
                         0000F9-0000FF                7
                         000120-000DE9              CCA
        CODE             000004-000007                4
                         000086-000DFF              D7A
                         002676-01FFFF            1D98A
        COMRAM           00005C-00005F                4
        CONST            000004-000007                4
                         000086-000DFF              D7A
                         002676-01FFFF            1D98A
        EEDATA           310000-3103FF              400
        MEDIUMCONST      002676-00FFFF             D98A
                         010E00-01FFFF             F200
        RAM              0000F9-0000FF                7
                         000120-000DE9              100
        SFR              000DEF-000FFF              100
        SMALLCONST       002676-01FFFF              100
        STACK            000120-000DE9              CCA

                                  Symbol Table

?_ADC_getval                cstackCOMRAM 000002
?___aodiv                   cstackCOMRAM 000002
?___aomod                   cstackCOMRAM 000002
?___lwdiv                   cstackCOMRAM 000002
?___wmul                    cstackCOMRAM 000002
?_abs                       cstackCOMRAM 000014
?_atoi                      cstackCOMRAM 000009
?_dtoa                      cstackCOMRAM 00001D
?_isdigit                   cstackCOMRAM 000002
?_isspace                   cstackCOMRAM 000002
?_pad                       cstackCOMRAM 000012
?_sprintf                   cstackBANK0  000066
?_strlen                    cstackCOMRAM 000002
?_vfpfcnvrt                 cstackCOMRAM 000041
?_vfprintf                  cstackBANK0  000060
ADC_getval@tmpval           cstackCOMRAM 000004
LCD_sendbyte@Byte           cstackCOMRAM 000006
LCD_sendbyte@LSB            cstackCOMRAM 000005
LCD_sendbyte@MSB            cstackCOMRAM 000004
LCD_sendbyte@type           cstackCOMRAM 000003
LCD_sendnibble@number       cstackCOMRAM 000002
LCD_sendstring@string       cstackCOMRAM 000007
LEDarray_disp_bin@number    cstackCOMRAM 000002
_ADCON0bits                 (abs)        000F60
_ADC_getval                 text28       002584
_ADC_init                   text27       002620
_ADPCH                      (abs)        000F5F
_ADREFbits                  (abs)        000F58
_ADRESH                     (abs)        000F64
_ANSELAbits                 (abs)        000E92
_ANSELFbits                 (abs)        000EB4
_HighISR                    intcode      000008
_INTCONbits                 (abs)        000FF2
_Interrupts_init            text26       002668
_LATAbits                   (abs)        000F79
_LATBbits                   (abs)        000F7A
_LATCbits                   (abs)        000F7B
_LATDbits                   (abs)        000F7C
_LATEbits                   (abs)        000F7D
_LATFbits                   (abs)        000F7E
_LATGbits                   (abs)        000F7F
_LATHbits                   (abs)        000F80
_LCD_E_TOG                  text25       002652
_LCD_Init                   text22       001ED4
_LCD_sendbyte               text23       002554
_LCD_sendnibble             text24       002276
_LCD_sendstring             text21       002520
_LEDarray_disp_bin          text20       002078
_LEDarray_init              text19       0025DA
_PIE0bits                   (abs)        000E29
_PIE2bits                   (abs)        000E2B
_PIR0bits                   (abs)        000E33
_PIR2bits                   (abs)        000E35
_T0CON0bits                 (abs)        000FD5
_T0CON1bits                 (abs)        000FD6
_TMR0H                      (abs)        000FD4
_TMR0L                      (abs)        000FD3
_TRISAbits                  (abs)        000F81
_TRISBbits                  (abs)        000F82
_TRISCbits                  (abs)        000F83
_TRISDbits                  (abs)        000F84
_TRISEbits                  (abs)        000F85
_TRISFbits                  (abs)        000F86
_TRISGbits                  (abs)        000F87
_TRISHbits                  (abs)        000F88
_Timer0_init                text18       002600
__HRAM                      (abs)        000000
__Habs1                     abs1         000000
__Hbank0                    bank0        000000
__Hbank1                    bank1        000000
__Hbank10                   bank10       000000
__Hbank11                   bank11       000000
__Hbank12                   bank12       000000
__Hbank13                   bank13       000000
__Hbank2                    bank2        000000
__Hbank3                    bank3        000000
__Hbank4                    bank4        000000
__Hbank5                    bank5        000000
__Hbank6                    bank6        000000
__Hbank7                    bank7        000000
__Hbank8                    bank8        000000
__Hbank9                    bank9        000000
__Hbigbss                   bigbss       000000
__Hbigdata                  bigdata      000000
__Hbigram                   bigram       000000
__Hbss                      bss          000000
__HbssBANK0                 bssBANK0     000000
__HbssBANK1                 bssBANK1     000000
__HbssCOMRAM                bssCOMRAM    000000
__Hcinit                    cinit        000000
__Hclrtext                  clrtext      000000
__Hcomram                   comram       000000
__Hconfig                   config       30000C
__Hconst                    const        000000
__HcstackBANK0              cstackBANK0  000000
__HcstackCOMRAM             cstackCOMRAM 000000
__Hdata                     data         000000
__HdataBANK0                dataBANK0    000000
__Heeprom_data              eeprom_data  000000
__Hfarbss                   farbss       000000
__Hfardata                  fardata      000000
__Hibigdata                 ibigdata     000000
__Hidata                    idata        000000
__HidataBANK0               idataBANK0   000000
__Hidloc                    idloc        200010
__Hifardata                 ifardata     000000
__Hinit                     init         000086
__Hintcode                  intcode      000082
__Hintcode_body             intcode_body 000000
__Hintcodelo                intcodelo    000082
__Hintentry                 intentry     000000
__Hintret                   intret       000000
__Hintsave_regs             intsave_regs 000000
__Hirdata                   irdata       000000
__Hmediumconst              mediumconst  000000
__HnvFARRAM                 nvFARRAM     000000
__Hnvbit                    nvbit        000000
__Hnvrram                   nvrram       000000
__Hparam                    rparam       000000
__Hpowerup                  powerup      000082
__Hram                      ram          000000
__Hramtop                   ramtop       000E00
__Hrbit                     rbit         000000
__Hrbss                     rbss         000000
__Hrdata                    rdata        000000
__Hreset_vec                reset_vec    000004
__Hrparam                   rparam       000000
__Hsfr                      sfr          000000
__Hsmallconst               smallconst   000E24
__Hspace_0                  (abs)        002676
__Hspace_1                  (abs)        000120
__Hspace_2                  (abs)        000000
__Hspace_4                  (abs)        60000C
__Hstack                    stack        000000
__Hstruct                   struct       000000
__Htemp                     temp         00005C
__Htext                     text         000000
__Htext0                    text0        000000
__Htext1                    text1        000000
__Htext10                   text10       000000
__Htext11                   text11       000000
__Htext12                   text12       000000
__Htext13                   text13       000000
__Htext14                   text14       000000
__Htext15                   text15       000000
__Htext16                   text16       000000
__Htext17                   text17       000000
__Htext18                   text18       000000
__Htext19                   text19       000000
__Htext2                    text2        000000
__Htext20                   text20       000000
__Htext21                   text21       000000
__Htext22                   text22       000000
__Htext23                   text23       000000
__Htext24                   text24       000000
__Htext25                   text25       000000
__Htext26                   text26       000000
__Htext27                   text27       000000
__Htext28                   text28       000000
__Htext3                    text3        000000
__Htext4                    text4        000000
__Htext5                    text5        000000
__Htext6                    text6        000000
__Htext7                    text7        000000
__Htext8                    text8        000000
__Htext9                    text9        000000
__LRAM                      (abs)        000001
__Labs1                     abs1         000000
__Lbank0                    bank0        000000
__Lbank1                    bank1        000000
__Lbank10                   bank10       000000
__Lbank11                   bank11       000000
__Lbank12                   bank12       000000
__Lbank13                   bank13       000000
__Lbank2                    bank2        000000
__Lbank3                    bank3        000000
__Lbank4                    bank4        000000
__Lbank5                    bank5        000000
__Lbank6                    bank6        000000
__Lbank7                    bank7        000000
__Lbank8                    bank8        000000
__Lbank9                    bank9        000000
__Lbigbss                   bigbss       000000
__Lbigdata                  bigdata      000000
__Lbigram                   bigram       000000
__Lbss                      bss          000000
__LbssBANK0                 bssBANK0     000000
__LbssBANK1                 bssBANK1     000000
__LbssCOMRAM                bssCOMRAM    000000
__Lcinit                    cinit        000000
__Lclrtext                  clrtext      000000
__Lcomram                   comram       000000
__Lconfig                   config       000000
__Lconst                    const        000000
__LcstackBANK0              cstackBANK0  000000
__LcstackCOMRAM             cstackCOMRAM 000000
__Ldata                     data         000000
__LdataBANK0                dataBANK0    000000
__Leeprom_data              eeprom_data  000000
__Lfarbss                   farbss       000000
__Lfardata                  fardata      000000
__Libigdata                 ibigdata     000000
__Lidata                    idata        000000
__LidataBANK0               idataBANK0   000000
__Lidloc                    idloc        000000
__Lifardata                 ifardata     000000
__Linit                     init         000082
__Lintcode                  intcode      000008
__Lintcode_body             intcode_body 000000
__Lintcodelo                intcodelo    000082
__Lintentry                 intentry     000000
__Lintret                   intret       000000
__Lintsave_regs             intsave_regs 000000
__Lirdata                   irdata       000000
__Lmediumconst              mediumconst  000000
__LnvFARRAM                 nvFARRAM     000000
__Lnvbit                    nvbit        000000
__Lnvrram                   nvrram       000000
__Lparam                    rparam       000000
__Lpowerup                  powerup      000082
__Lram                      ram          000000
__Lramtop                   ramtop       000E00
__Lrbit                     rbit         000000
__Lrbss                     rbss         000000
__Lrdata                    rdata        000000
__Lreset_vec                reset_vec    000000
__Lrparam                   rparam       000000
__Lsfr                      sfr          000000
__Lsmallconst               smallconst   000E00
__Lspace_0                  (abs)        000000
__Lspace_1                  (abs)        000000
__Lspace_2                  (abs)        000000
__Lspace_4                  (abs)        000000
__Lstack                    stack        000000
__Lstruct                   struct       000000
__Ltemp                     temp         00005B
__Ltext                     text         000000
__Ltext0                    text0        000000
__Ltext1                    text1        000000
__Ltext10                   text10       000000
__Ltext11                   text11       000000
__Ltext12                   text12       000000
__Ltext13                   text13       000000
__Ltext14                   text14       000000
__Ltext15                   text15       000000
__Ltext16                   text16       000000
__Ltext17                   text17       000000
__Ltext18                   text18       000000
__Ltext19                   text19       000000
__Ltext2                    text2        000000
__Ltext20                   text20       000000
__Ltext21                   text21       000000
__Ltext22                   text22       000000
__Ltext23                   text23       000000
__Ltext24                   text24       000000
__Ltext25                   text25       000000
__Ltext26                   text26       000000
__Ltext27                   text27       000000
__Ltext28                   text28       000000
__Ltext3                    text3        000000
__Ltext4                    text4        000000
__Ltext5                    text5        000000
__Ltext6                    text6        000000
__Ltext7                    text7        000000
__Ltext8                    text8        000000
__Ltext9                    text9        000000
__S0                        (abs)        002676
__S1                        (abs)        000120
__S2                        (abs)        000000
__S4                        (abs)        000000
__S5                        (abs)        000000
___aodiv                    text12       001BE8
___aodiv@counter            cstackCOMRAM 000012
___aodiv@dividend           cstackCOMRAM 000002
___aodiv@divisor            cstackCOMRAM 00000A
___aodiv@quotient           cstackCOMRAM 000014
___aodiv@sign               cstackCOMRAM 000013
___aomod                    text11       001D70
___aomod@counter            cstackCOMRAM 000012
___aomod@dividend           cstackCOMRAM 000002
___aomod@divisor            cstackCOMRAM 00000A
___aomod@sign               cstackCOMRAM 000013
___inthi_sp                 stack        000000
___intlo_sp                 stack        000000
___lwdiv                    text17       002202
___lwdiv@counter            cstackCOMRAM 000008
___lwdiv@dividend           cstackCOMRAM 000002
___lwdiv@divisor            cstackCOMRAM 000004
___lwdiv@quotient           cstackCOMRAM 000006
___param_bank               (abs)        000000
___rparam_used              (abs)        000001
___sp                       stack        000000
___wmul                     text16       0025B4
___wmul@multiplicand        cstackCOMRAM 000004
___wmul@multiplier          cstackCOMRAM 000002
___wmul@product             cstackCOMRAM 000006
__accesstop                 (abs)        000060
__activetblptr              (abs)        000003
__end_of_ADC_getval         text28       0025B4
__end_of_ADC_init           text27       00263A
__end_of_HighISR            intcode      000082
__end_of_Interrupts_init    text26       002674
__end_of_LCD_E_TOG          text25       002668
__end_of_LCD_Init           text22       001FAE
__end_of_LCD_sendbyte       text23       002584
__end_of_LCD_sendnibble     text24       0022DE
__end_of_LCD_sendstring     text21       002554
__end_of_LEDarray_disp_bin  text20       002140
__end_of_LEDarray_init      text19       002600
__end_of_Timer0_init        text18       002620
__end_of___aodiv            text12       001D70
__end_of___aomod            text11       001ED4
__end_of___lwdiv            text17       002276
__end_of___wmul             text16       0025DA
__end_of__initialization    cinit        002424
__end_of_abs                text10       0024B2
__end_of_atoi               text13       001BE8
__end_of_dtoa               text4        001A44
__end_of_fputc              text8        002078
__end_of_fputs              text7        002472
__end_of_isdigit            text15       0024EA
__end_of_isspace            text14       0023E8
__end_of_main               text0        0013D8
__end_of_pad                text5        002202
__end_of_putch              text9        002676
__end_of_sprintf            text1        002396
__end_of_strlen             text6        002520
__end_of_vfpfcnvrt          text3        001764
__end_of_vfprintf           text2        002344
__initialization            cinit        0023E8
__mediumconst               mediumconst  000000
__pbssBANK0                 bssBANK0     0000EF
__pbssBANK1                 bssBANK1     000100
__pbssCOMRAM                bssCOMRAM    000059
__pcinit                    cinit        0023E8
__pcstackBANK0              cstackBANK0  000060
__pcstackCOMRAM             cstackCOMRAM 000001
__pdataBANK0                dataBANK0    0000D7
__pidataBANK0               idataBANK0   00263A
__pintcode                  intcode      000008
__psmallconst               smallconst   000E00
__ptext0                    text0        000E24
__ptext1                    text1        002344
__ptext10                   text10       002472
__ptext11                   text11       001D70
__ptext12                   text12       001BE8
__ptext13                   text13       001A44
__ptext14                   text14       002396
__ptext15                   text15       0024B2
__ptext16                   text16       0025B4
__ptext17                   text17       002202
__ptext18                   text18       002600
__ptext19                   text19       0025DA
__ptext2                    text2        0022DE
__ptext20                   text20       002078
__ptext21                   text21       002520
__ptext22                   text22       001ED4
__ptext23                   text23       002554
__ptext24                   text24       002276
__ptext25                   text25       002652
__ptext26                   text26       002668
__ptext27                   text27       002620
__ptext28                   text28       002584
__ptext3                    text3        0013D8
__ptext4                    text4        001764
__ptext5                    text5        002140
__ptext6                    text6        0024EA
__ptext7                    text7        00242E
__ptext8                    text8        001FAE
__ptext9                    text9        002674
__ramtop                    ramtop       000E00
__size_of_ADC_getval        (abs)        000000
__size_of_ADC_init          (abs)        000000
__size_of_HighISR           (abs)        000000
__size_of_Interrupts_init   (abs)        000000
__size_of_LCD_E_TOG         (abs)        000000
__size_of_LCD_Init          (abs)        000000
__size_of_LCD_sendbyte      (abs)        000000
__size_of_LCD_sendnibble    (abs)        000000
__size_of_LCD_sendstring    (abs)        000000
__size_of_LEDarray_disp_bin (abs)        000000
__size_of_LEDarray_init     (abs)        000000
__size_of_Timer0_init       (abs)        000000
__size_of___aodiv           (abs)        000000
__size_of___aomod           (abs)        000000
__size_of___lwdiv           (abs)        000000
__size_of___wmul            (abs)        000000
__size_of_abs               (abs)        000000
__size_of_atoi              (abs)        000000
__size_of_dtoa              (abs)        000000
__size_of_fputc             (abs)        000000
__size_of_fputs             (abs)        000000
__size_of_isdigit           (abs)        000000
__size_of_isspace           (abs)        000000
__size_of_main              (abs)        000000
__size_of_pad               (abs)        000000
__size_of_putch             (abs)        000000
__size_of_sprintf           (abs)        000000
__size_of_strlen            (abs)        000000
__size_of_vfpfcnvrt         (abs)        000000
__size_of_vfprintf          (abs)        000000
__smallconst                smallconst   000E00
_abs                        text10       002472
_atoi                       text13       001A44
_atoi$1782                  cstackCOMRAM 000011
_atoi$1783                  cstackCOMRAM 000015
_atoi$1784                  cstackCOMRAM 000013
_dbuf                       bssBANK1     000100
_dtoa                       text4        001764
_dtoa$1747                  cstackCOMRAM 00002F
_flags                      bssCOMRAM    000059
_fputc                      text8        001FAE
_fputs                      text7        00242E
_isdigit                    text15       0024B2
_isspace                    text14       002396
_isspace$1800               cstackCOMRAM 000008
_main                       text0        000E24
_nout                       bssBANK0     0000F3
_pad                        text5        002140
_prec                       bssBANK0     0000F7
_putch                      text9        002674
_sprintf                    text1        002344
_strlen                     text6        0024EA
_vfpfcnvrt                  text3        0013D8
_vfpfcnvrt$1762             cstackCOMRAM 000055
_vfprintf                   text2        0022DE
_width                      bssBANK0     0000F5
abs@a                       cstackCOMRAM 000014
atoi@n                      cstackCOMRAM 000016
atoi@neg                    cstackCOMRAM 00000F
atoi@s                      cstackCOMRAM 000009
btemp                       temp         00005B
dtoa@d                      cstackCOMRAM 00001F
dtoa@fp                     cstackCOMRAM 00001D
dtoa@i                      cstackCOMRAM 00003F
dtoa@n                      cstackCOMRAM 000037
dtoa@p                      cstackCOMRAM 000031
dtoa@s                      cstackCOMRAM 000035
dtoa@w                      cstackCOMRAM 000033
end_of_initialization       cinit        002424
fputc@c                     cstackCOMRAM 000002
fputc@fp                    cstackCOMRAM 000004
fputs@c                     cstackCOMRAM 00000F
fputs@fp                    cstackCOMRAM 00000D
fputs@i                     cstackCOMRAM 000010
fputs@s                     cstackCOMRAM 00000B
int$flags                   temp         00005B
intlevel0                   text         000000
intlevel1                   text         000000
intlevel2                   text         000000
intlevel3                   text         000000
isa$std                     (abs)        000001
isa$xinst                   (abs)        000000
isdigit@c                   cstackCOMRAM 000002
isspace@c                   cstackCOMRAM 000002
main@F14546                 dataBANK0    0000D7
main@buf                    cstackBANK0  000084
main@curtime                cstackBANK0  0000BF
main@dawn_dusk              cstackBANK0  0000CB
main@day_of_week            cstackBANK0  0000C1
main@daydate                cstackBANK0  0000CF
main@daylight_flag          cstackBANK0  0000C5
main@diff                   cstackBANK0  0000B7
main@hour                   cstackBANK0  0000D5
main@leap_year              cstackBANK0  0000BB
main@light_strength         cstackBANK0  0000C9
main@midtime                cstackBANK0  0000B5
main@minutes                cstackBANK0  0000D1
main@month                  cstackBANK0  0000D3
main@monthdays              cstackBANK0  00009D
main@secs                   cstackBANK0  0000BD
main@set_brightness         cstackBANK0  0000C7
main@temp                   cstackBANK0  0000B9
main@year                   cstackBANK0  0000C3
pad@buf                     cstackCOMRAM 000014
pad@fp                      cstackCOMRAM 000012
pad@i                       cstackCOMRAM 000019
pad@p                       cstackCOMRAM 000016
pad@w                       cstackCOMRAM 00001B
sprintf@ap                  cstackBANK0  000074
sprintf@f                   cstackBANK0  000076
sprintf@fmt                 cstackBANK0  000068
sprintf@s                   cstackBANK0  000066
stackhi                     (abs)        000DE9
stacklo                     (abs)        000120
start                       init         000082
start_initialization        cinit        0023E8
strlen@a                    cstackCOMRAM 000004
strlen@s                    cstackCOMRAM 000002
ttemp5                      temp         00005C
ttemp6                      temp         00005F
ttemp7                      temp         000063
vfpfcnvrt@ap                cstackCOMRAM 000045
vfpfcnvrt@done              cstackCOMRAM 000053
vfpfcnvrt@fmt               cstackCOMRAM 000043
vfpfcnvrt@fp                cstackCOMRAM 000041
vfpfcnvrt@ll                cstackCOMRAM 00004B
vfprintf@ap                 cstackBANK0  000064
vfprintf@cfmt               cstackCOMRAM 000057
vfprintf@fmt                cstackBANK0  000062
vfprintf@fp                 cstackBANK0  000060
wtemp8                      temp         00005C


MODULE INFORMATION

Module		Function		Class		Link	Load	Size
C:\Program Files\Microchip\xc8\v2.32\pic\sources\c99\common\nf_sprintf.c
		_sprintf       		CODE           	2344	0000	82

C:\Program Files\Microchip\xc8\v2.32\pic\sources\c99\common\nf_sprintf.c estimated size: 82

C:\Program Files\Microchip\xc8\v2.32\pic\sources\c99\common\isdigit.c
		_isdigit       		CODE           	24B2	0000	56

C:\Program Files\Microchip\xc8\v2.32\pic\sources\c99\common\isdigit.c estimated size: 56

timers.c
		_Timer0_init   		CODE           	2600	0000	32

timers.c estimated size: 32

C:\Program Files\Microchip\xc8\v2.32\pic\sources\c99\common\doprnt.c
		_vfpfcnvrt     		CODE           	13D8	0000	908
		_pad           		CODE           	2140	0000	194
		_dtoa          		CODE           	1764	0000	736
		_vfprintf      		CODE           	22DE	0000	102

C:\Program Files\Microchip\xc8\v2.32\pic\sources\c99\common\doprnt.c estimated size: 1940

interrupts.c
		_Interrupts_init		CODE           	2668	0000	12
		_HighISR       		CODE           	0008	0000	122

interrupts.c estimated size: 134

LEDarray.c
		_LEDarray_init 		CODE           	25DA	0000	38
		_LEDarray_disp_bin		CODE           	2078	0000	200

LEDarray.c estimated size: 238

C:\Program Files\Microchip\xc8\v2.32\pic\sources\c99\common\atoi.c
		_atoi          		CODE           	1A44	0000	420

C:\Program Files\Microchip\xc8\v2.32\pic\sources\c99\common\atoi.c estimated size: 420

C:\Program Files\Microchip\xc8\v2.32\pic\sources\c99\common\nf_fputs.c
		_fputs         		CODE           	242E	0000	68

C:\Program Files\Microchip\xc8\v2.32\pic\sources\c99\common\nf_fputs.c estimated size: 68

C:\Program Files\Microchip\xc8\v2.32\pic\sources\c99\common\putch.c
		_putch         		CODE           	2674	0000	2

C:\Program Files\Microchip\xc8\v2.32\pic\sources\c99\common\putch.c estimated size: 2

C:\Program Files\Microchip\xc8\v2.32\pic\sources\c99\common\Umul16.c
		___wmul        		CODE           	25B4	0000	38

C:\Program Files\Microchip\xc8\v2.32\pic\sources\c99\common\Umul16.c estimated size: 38

C:\Program Files\Microchip\xc8\v2.32\pic\sources\c99\common\abs.c
		_abs           		CODE           	2472	0000	64

C:\Program Files\Microchip\xc8\v2.32\pic\sources\c99\common\abs.c estimated size: 64

C:\Program Files\Microchip\xc8\v2.32\pic\sources\c99\common\aomod.c
		___aomod       		CODE           	1D70	0000	356

C:\Program Files\Microchip\xc8\v2.32\pic\sources\c99\common\aomod.c estimated size: 356

C:\Program Files\Microchip\xc8\v2.32\pic\sources\c99\common\isspace.c
		_isspace       		CODE           	2396	0000	82

C:\Program Files\Microchip\xc8\v2.32\pic\sources\c99\common\isspace.c estimated size: 82

shared
		__initialization		CODE           	23E8	0000	60

shared estimated size: 60

ADC.c
		_ADC_init      		CODE           	2620	0000	26
		_ADC_getval    		CODE           	2584	0000	48

ADC.c estimated size: 74

C:\Program Files\Microchip\xc8\v2.32\pic\sources\c99\common\lwdiv.c
		___lwdiv       		CODE           	2202	0000	116

C:\Program Files\Microchip\xc8\v2.32\pic\sources\c99\common\lwdiv.c estimated size: 116

C:\Program Files\Microchip\xc8\v2.32\pic\sources\c99\common\nf_fputc.c
		_fputc         		CODE           	1FAE	0000	202

C:\Program Files\Microchip\xc8\v2.32\pic\sources\c99\common\nf_fputc.c estimated size: 202

C:\Program Files\Microchip\xc8\v2.32\pic\sources\c99\common\aodiv.c
		___aodiv       		CODE           	1BE8	0000	392

C:\Program Files\Microchip\xc8\v2.32\pic\sources\c99\common\aodiv.c estimated size: 392

main.c
		_main          		CODE           	0E24	0000	1460

main.c estimated size: 1460

C:\Program Files\Microchip\xc8\v2.32\pic\sources\c99\common\strlen.c
		_strlen        		CODE           	24EA	0000	54

C:\Program Files\Microchip\xc8\v2.32\pic\sources\c99\common\strlen.c estimated size: 54

LCD.c
		_LCD_Init      		CODE           	1ED4	0000	218
		_LCD_sendbyte  		CODE           	2554	0000	48
		_LCD_E_TOG     		CODE           	2652	0000	22
		_LCD_sendnibble		CODE           	2276	0000	104
		_LCD_sendstring		CODE           	2520	0000	52

LCD.c estimated size: 444

